[www.lukajuhart.com/index.html]
[backblue.gif]
[fade.gif]
[index.html]
[www.lukajuhart.com/indexf67a.json]
[www.lukajuhart.com/index3e58.php]
[www.lukajuhart.com/wp-includes/js/jquery/jquery.minf43b.js]
[www.lukajuhart.com/indexd784.html]
[www.lukajuhart.com/indexa6da.html]
[www.lukajuhart.com/wp-includes/js/jquery/jquery-migrate.min5589.js]
[www.lukajuhart.com/index52f0.json]
[www.lukajuhart.com/index670b.json]
[www.lukajuhart.com/wp-content/uploads/2018/05/cropped-LukaJuhart20186r-1-32x32.jpg]
[www.lukajuhart.com/wp-content/uploads/2018/05/cropped-LukaJuhart20186r-1-192x192.jpg]
[www.lukajuhart.com/wp-content/uploads/2018/05/cropped-LukaJuhart20186r-1-180x180.jpg]
[www.lukajuhart.com/wp-content/uploads/2014/04/cropped-bg7.jpg]
[www.lukajuhart.com/wp-content/themes/twentyseventeen/assets/js/skip-link-focus-fix5152.js]
[www.lukajuhart.com/indexcdf1.html]
[www.lukajuhart.com/index1766.html]
[www.lukajuhart.com/indexa584.html]
[www.lukajuhart.com/index31e8.html]
[www.lukajuhart.com/wp-content/themes/twentyseventeen/assets/js/navigation5152.js]
[www.lukajuhart.com/indexcc8a.html]
[www.lukajuhart.com/index05df.html]
[www.lukajuhart.com/index8091.html]
[www.lukajuhart.com/indexe735.html]
[www.lukajuhart.com/wp-content/themes/twentyseventeen/assets/js/global5152.js]
[www.lukajuhart.com/wp-content/themes/twentyseventeen/assets/js/jquery.scrollTo431f.js]
[www.lukajuhart.com/index.html]
[www.lukajuhart.com/wp-content/themes/twentyseventeen/styleb34e.css]
[www.lukajuhart.com/indexbc8f.html]
[www.lukajuhart.com/xmlrpc0db0.html]
[www.lukajuhart.com/index2ab3.json]
[www.lukajuhart.com/index9323.php]
[www.lukajuhart.com/indexae25.html]
[www.lukajuhart.com/index9d6e.json]
[www.lukajuhart.com/wp-content/uploads/2014/04/cropped-bg4.jpg]
[www.lukajuhart.com/indexcdf1.html]
[www.lukajuhart.com/index9e3e.html]
[www.lukajuhart.com/index9e1d.html]
[www.lukajuhart.com/index03ae.json]
[www.lukajuhart.com/index5fac.html]
[www.lukajuhart.com/index558e.html]
[www.lukajuhart.com/index7959.php]
[www.lukajuhart.com/index3289.json]
[www.lukajuhart.com/wp-content/uploads/2014/04/cropped-bg6.jpg]
[www.lukajuhart.com/index1766.html]
[www.lukajuhart.com/wp-content/uploads/2014/11/NEOS_11407_Juhart.jpg]
[www.lukajuhart.com/indexa7e7.json]
[www.lukajuhart.com/indexf22e.php]
[www.lukajuhart.com/index8c72.json]
[www.lukajuhart.com/wp-content/uploads/2014/04/cropped-bg3-1.jpg]
[www.lukajuhart.com/indexa584.html]
[www.lukajuhart.com/index2fd9.json]
[www.lukajuhart.com/index2922.html]
[www.lukajuhart.com/indexe495.php]
[www.lukajuhart.com/wp-content/plugins/simple-lightbox-gallery/js/hover-packb34e.js]
[www.lukajuhart.com/wp-content/plugins/simple-lightbox-gallery/js/reponsive_photo_gallery_scriptb34e.js]
[www.lukajuhart.com/index788f.json]
[www.lukajuhart.com/wp-content/uploads/2018/05/LukaJuhart20186r.jpg]
[www.lukajuhart.com/wp-content/uploads/2018/05/LukaJuhart20184r.jpg]
[www.lukajuhart.com/wp-content/uploads/2018/05/LukaJuhart20185r.jpg]
[www.lukajuhart.com/wp-content/uploads/2018/05/LukaJuhart20181r.jpg]
[www.lukajuhart.com/wp-content/uploads/2018/05/LukaJuhart20183r.jpg]
[www.lukajuhart.com/wp-content/uploads/2018/05/LukaJuhart20182r.jpg]
[www.lukajuhart.com/wp-content/uploads/2014/12/foto011.jpg]
[www.lukajuhart.com/wp-content/uploads/2014/12/foto014.jpg]
[www.lukajuhart.com/wp-content/uploads/2014/12/foto016.jpg]
[www.lukajuhart.com/wp-content/uploads/2014/12/foto013.jpg]
[www.lukajuhart.com/wp-content/uploads/2014/12/foto009.jpg]
[www.lukajuhart.com/wp-content/uploads/2014/12/foto008.jpg]
[www.lukajuhart.com/wp-content/uploads/2014/12/foto007.jpg]
[www.lukajuhart.com/wp-content/uploads/2014/12/foto005.jpg]
[www.lukajuhart.com/wp-content/uploads/2014/12/foto002.jpg]
[www.lukajuhart.com/wp-content/uploads/2018/05/full/LukaJuhart2018(6).jpg]
[www.lukajuhart.com/wp-content/uploads/2018/05/LukaJuhart20186r-150x150.jpg]
[www.lukajuhart.com/wp-content/uploads/2018/05/full/LukaJuhart2018(5).jpg]
[www.lukajuhart.com/wp-content/uploads/2018/05/LukaJuhart20185r-150x150.jpg]
[www.lukajuhart.com/wp-content/uploads/2018/05/full/LukaJuhart2018(4).jpg]
[www.lukajuhart.com/wp-content/uploads/2018/05/LukaJuhart20184r-150x150.jpg]
[www.lukajuhart.com/wp-content/uploads/2018/05/full/LukaJuhart2018(3).jpg]
[www.lukajuhart.com/wp-content/uploads/2018/05/LukaJuhart20183r-150x150.jpg]
[www.lukajuhart.com/wp-content/uploads/2018/05/full/LukaJuhart2018(2).jpg]
[www.lukajuhart.com/wp-content/uploads/2018/05/LukaJuhart20182r-150x150.jpg]
[www.lukajuhart.com/wp-content/uploads/2018/05/full/LukaJuhart2018(1).jpg]
[www.lukajuhart.com/wp-content/uploads/2018/05/LukaJuhart20181r-150x150.jpg]
[www.lukajuhart.com/wp-content/plugins/simple-lightbox-gallery/lightbox/swipebox/jquery.swipeboxb34e.js]
[www.lukajuhart.com/wp-content/plugins/simple-lightbox-gallery/js/masonry.pkgd.minb34e.js]
[www.lukajuhart.com/index31e8.html]
[www.lukajuhart.com/wp-content/plugins/simple-lightbox-gallery/js/imagesloaded.pkgd.minb34e.js]
[www.lukajuhart.com/index0c52.php]
[www.lukajuhart.com/index547c.json]
[www.lukajuhart.com/wp-content/uploads/2014/04/cropped-bg2.jpg]
[www.lukajuhart.com/indexcc8a.html]
[www.lukajuhart.com/indexbc77.json]
[www.lukajuhart.com/index7f40.html]
[www.lukajuhart.com/index43cd.php]
[www.lukajuhart.com/index8091.html]
[www.lukajuhart.com/index020e.json]
[www.lukajuhart.com/indexcd9c.json]
[www.lukajuhart.com/indexbed4.html]
[www.lukajuhart.com/index589c.php]
[www.lukajuhart.com/index8abc.json]
[www.lukajuhart.com/index05df.html]
[www.lukajuhart.com/index2d47.json]
[www.lukajuhart.com/index2864.php]
[www.lukajuhart.com/indexe735.html]
[www.lukajuhart.com/index9443.json]
[www.lukajuhart.com/index64b4.html]
[www.lukajuhart.com/xmlrpc.html]
[www.lukajuhart.com/index0c5a.json]
[www.lukajuhart.com/indexfdb3.html]
[www.lukajuhart.com/index1d26.php]
[www.lukajuhart.com/index8840.json]
[www.lukajuhart.com/index9e3e.html]
[www.lukajuhart.com/index53f6.html]
[www.lukajuhart.com/index75ba.json]
[www.lukajuhart.com/indexd797.php]
[www.lukajuhart.com/indexd9d6.json]
[www.lukajuhart.com/index9e1d.html]
[www.lukajuhart.com/index74b8.json]
[www.lukajuhart.com/index6a36.php]
[www.lukajuhart.com/indexda55.json]
[www.lukajuhart.com/index5fac.html]
[www.lukajuhart.com/index3965.html]
[www.lukajuhart.com/index9a88.html]
[www.lukajuhart.com/wp-content/plugins/simple-lightbox-gallery/lightbox/img/loader.gif]
[www.lukajuhart.com/wp-content/plugins/simple-lightbox-gallery/lightbox/img/icons.png]
[www.lukajuhart.com/wp-content/plugins/simple-lightbox-gallery/lightbox/swipebox/swipeboxb34e.css]
[www.lukajuhart.com/wp-content/plugins/simple-lightbox-gallery/css/hover-packb34e.css]
[www.lukajuhart.com/wp-content/plugins/simple-lightbox-gallery/css/bootstrap-latest/bootstrap.minb34e.css]
[www.lukajuhart.com/wp-content/plugins/simple-lightbox-gallery/css/img-galleryb34e.css]
[www.lukajuhart.com/wp-content/plugins/simple-lightbox-gallery/css/font-awesome-latest/webfonts/fa-brands-400.eot]
[www.lukajuhart.com/wp-content/plugins/simple-lightbox-gallery/css/font-awesome-latest/webfonts/fa-brands-400d41d.eot]
[www.lukajuhart.com/wp-content/plugins/simple-lightbox-gallery/css/font-awesome-latest/webfonts/fa-brands-400.woff]
[www.lukajuhart.com/wp-content/plugins/simple-lightbox-gallery/css/font-awesome-latest/webfonts/fa-brands-400.ttf]
[www.lukajuhart.com/wp-content/plugins/simple-lightbox-gallery/css/font-awesome-latest/webfonts/fa-regular-400.eot]
[www.lukajuhart.com/wp-content/plugins/simple-lightbox-gallery/css/font-awesome-latest/webfonts/fa-regular-400d41d.eot]
[www.lukajuhart.com/wp-content/plugins/simple-lightbox-gallery/css/font-awesome-latest/webfonts/fa-regular-400.woff]
[www.lukajuhart.com/wp-content/plugins/simple-lightbox-gallery/css/font-awesome-latest/webfonts/fa-regular-400.ttf]
[www.lukajuhart.com/wp-content/plugins/simple-lightbox-gallery/css/font-awesome-latest/webfonts/fa-solid-900.eot]
[www.lukajuhart.com/wp-content/plugins/simple-lightbox-gallery/css/font-awesome-latest/webfonts/fa-solid-900d41d.eot]
[www.lukajuhart.com/wp-content/plugins/simple-lightbox-gallery/css/font-awesome-latest/webfonts/fa-solid-900.woff]
[www.lukajuhart.com/wp-content/plugins/simple-lightbox-gallery/css/font-awesome-latest/webfonts/fa-solid-900.ttf]
[www.lukajuhart.com/wp-content/plugins/simple-lightbox-gallery/css/font-awesome-latest/css/fontawesome-all.minb34e.css]
[www.lukajuhart.com/index6f72.html]
[www.lukajuhart.com/wp-content/uploads/2018/05/full/LukaJuhart2018(6).jpg]
[www.lukajuhart.com/wp-content/uploads/2018/05/full/LukaJuhart2018(5).jpg]
[www.lukajuhart.com/wp-content/uploads/2018/05/full/LukaJuhart2018(4).jpg]
[www.lukajuhart.com/wp-content/uploads/2018/05/full/LukaJuhart2018(3).jpg]
[www.lukajuhart.com/wp-content/uploads/2018/05/full/LukaJuhart2018(2).jpg]
[www.lukajuhart.com/wp-content/uploads/2018/05/full/LukaJuhart2018(1).jpg]
[www.lukajuhart.com/indexc070.html]
[www.lukajuhart.com/index3ae0.php]
[www.lukajuhart.com/index094d.html]
[www.lukajuhart.com/index8cd4.html]
[www.lukajuhart.com/index287b.html]
[www.lukajuhart.com/index648c.html]
[www.lukajuhart.com/index3961.html]
[www.lukajuhart.com/index5f87.html]
[www.lukajuhart.com/indexead8.html]
[www.lukajuhart.com/wp-content/plugins/simple-lightbox-gallery/css/font-awesome-latest/webfonts/fa-brands-400.html]
[www.lukajuhart.com/wp-content/plugins/simple-lightbox-gallery/css/font-awesome-latest/webfonts/fa-brands-400.svg]
[www.lukajuhart.com/wp-content/plugins/simple-lightbox-gallery/css/font-awesome-latest/webfonts/fa-regular-400.html]
[www.lukajuhart.com/wp-content/plugins/simple-lightbox-gallery/css/font-awesome-latest/webfonts/fa-regular-400.svg]
[www.lukajuhart.com/wp-content/plugins/simple-lightbox-gallery/css/font-awesome-latest/webfonts/fa-solid-900.html]
[www.lukajuhart.com/wp-content/plugins/simple-lightbox-gallery/css/font-awesome-latest/webfonts/fa-solid-900.svg]
[www.lukajuhart.com/wp-content/uploads/2018/05/full/LukaJuhart2018(6).jpg]
[www.lukajuhart.com/wp-content/uploads/2018/05/full/LukaJuhart2018(5).jpg]
[www.lukajuhart.com/index5472.html]
[www.lukajuhart.com/wp-content/uploads/2018/05/full/LukaJuhart2018(4).jpg]
[www.lukajuhart.com/wp-content/uploads/2018/05/full/LukaJuhart2018(3).jpg]
[www.lukajuhart.com/wp-content/uploads/2018/05/full/LukaJuhart2018(2).jpg]
[www.lukajuhart.com/wp-content/uploads/2018/05/full/LukaJuhart2018(1).jpg]
[www.lukajuhart.com/index3ae0.php]
